Analysis & Synthesis report for top_module
Sat Jul 15 12:48:03 2023
Quartus Prime Version 20.1.0 Build 711 06/05/2020 SJ Lite Edition


---------------------
; Table of Contents ;
---------------------
  1. Legal Notice
  2. Analysis & Synthesis Summary
  3. Analysis & Synthesis Settings
  4. Parallel Compilation
  5. Analysis & Synthesis Source Files Read
  6. Analysis & Synthesis Resource Usage Summary
  7. Analysis & Synthesis Resource Utilization by Entity
  8. General Register Statistics
  9. Parameter Settings for User Entity Instance: sync_dual_port_ram:ram
 10. Parameter Settings for User Entity Instance: rv32_if_top:fetch
 11. Port Connectivity Checks: "rv32_mem_top:memory"
 12. Port Connectivity Checks: "rv32_if_top:fetch"
 13. Port Connectivity Checks: "rv32_io_top:inandout"
 14. Port Connectivity Checks: "sync_dual_port_ram:ram"
 15. Post-Synthesis Netlist Statistics for Top Partition
 16. Elapsed Time Per Partition
 17. Analysis & Synthesis Messages



----------------
; Legal Notice ;
----------------
Copyright (C) 2020  Intel Corporation. All rights reserved.
Your use of Intel Corporation's design tools, logic functions 
and other software and tools, and any partner logic 
functions, and any output files from any of the foregoing 
(including device programming or simulation files), and any 
associated documentation or information are expressly subject 
to the terms and conditions of the Intel Program License 
Subscription Agreement, the Intel Quartus Prime License Agreement,
the Intel FPGA IP License Agreement, or other applicable license
agreement, including, without limitation, that your use is for
the sole purpose of programming logic devices manufactured by
Intel and sold by Intel or its authorized distributors.  Please
refer to the applicable agreement for further details, at
https://fpgasoftware.intel.com/eula.



+----------------------------------------------------------------------------------+
; Analysis & Synthesis Summary                                                     ;
+------------------------------------+---------------------------------------------+
; Analysis & Synthesis Status        ; Successful - Sat Jul 15 12:48:03 2023       ;
; Quartus Prime Version              ; 20.1.0 Build 711 06/05/2020 SJ Lite Edition ;
; Revision Name                      ; top_module                                  ;
; Top-level Entity Name              ; top_module                                  ;
; Family                             ; MAX 10                                      ;
; Total logic elements               ; 0                                           ;
;     Total combinational functions  ; 0                                           ;
;     Dedicated logic registers      ; 0                                           ;
; Total registers                    ; 0                                           ;
; Total pins                         ; 13                                          ;
; Total virtual pins                 ; 0                                           ;
; Total memory bits                  ; 0                                           ;
; Embedded Multiplier 9-bit elements ; 0                                           ;
; Total PLLs                         ; 0                                           ;
; UFM blocks                         ; 0                                           ;
; ADC blocks                         ; 0                                           ;
+------------------------------------+---------------------------------------------+


+------------------------------------------------------------------------------------------------------------+
; Analysis & Synthesis Settings                                                                              ;
+------------------------------------------------------------------+--------------------+--------------------+
; Option                                                           ; Setting            ; Default Value      ;
+------------------------------------------------------------------+--------------------+--------------------+
; Device                                                           ; 10M50DAF484C7G     ;                    ;
; Top-level entity name                                            ; top_module         ; top_module         ;
; Family name                                                      ; MAX 10             ; Cyclone V          ;
; Use smart compilation                                            ; Off                ; Off                ;
; Enable parallel Assembler and Timing Analyzer during compilation ; On                 ; On                 ;
; Enable compact report table                                      ; Off                ; Off                ;
; Restructure Multiplexers                                         ; Auto               ; Auto               ;
; Create Debugging Nodes for IP Cores                              ; Off                ; Off                ;
; Preserve fewer node names                                        ; On                 ; On                 ;
; Intel FPGA IP Evaluation Mode                                    ; Enable             ; Enable             ;
; Verilog Version                                                  ; Verilog_2001       ; Verilog_2001       ;
; VHDL Version                                                     ; VHDL_1993          ; VHDL_1993          ;
; State Machine Processing                                         ; Auto               ; Auto               ;
; Safe State Machine                                               ; Off                ; Off                ;
; Extract Verilog State Machines                                   ; On                 ; On                 ;
; Extract VHDL State Machines                                      ; On                 ; On                 ;
; Ignore Verilog initial constructs                                ; Off                ; Off                ;
; Iteration limit for constant Verilog loops                       ; 5000               ; 5000               ;
; Iteration limit for non-constant Verilog loops                   ; 250                ; 250                ;
; Add Pass-Through Logic to Inferred RAMs                          ; On                 ; On                 ;
; Infer RAMs from Raw Logic                                        ; On                 ; On                 ;
; Parallel Synthesis                                               ; On                 ; On                 ;
; DSP Block Balancing                                              ; Auto               ; Auto               ;
; NOT Gate Push-Back                                               ; On                 ; On                 ;
; Power-Up Don't Care                                              ; On                 ; On                 ;
; Remove Redundant Logic Cells                                     ; Off                ; Off                ;
; Remove Duplicate Registers                                       ; On                 ; On                 ;
; Ignore CARRY Buffers                                             ; Off                ; Off                ;
; Ignore CASCADE Buffers                                           ; Off                ; Off                ;
; Ignore GLOBAL Buffers                                            ; Off                ; Off                ;
; Ignore ROW GLOBAL Buffers                                        ; Off                ; Off                ;
; Ignore LCELL Buffers                                             ; Off                ; Off                ;
; Ignore SOFT Buffers                                              ; On                 ; On                 ;
; Limit AHDL Integers to 32 Bits                                   ; Off                ; Off                ;
; Optimization Technique                                           ; Balanced           ; Balanced           ;
; Carry Chain Length                                               ; 70                 ; 70                 ;
; Auto Carry Chains                                                ; On                 ; On                 ;
; Auto Open-Drain Pins                                             ; On                 ; On                 ;
; Perform WYSIWYG Primitive Resynthesis                            ; Off                ; Off                ;
; Auto ROM Replacement                                             ; On                 ; On                 ;
; Auto RAM Replacement                                             ; On                 ; On                 ;
; Auto DSP Block Replacement                                       ; On                 ; On                 ;
; Auto Shift Register Replacement                                  ; Auto               ; Auto               ;
; Allow Shift Register Merging across Hierarchies                  ; Auto               ; Auto               ;
; Auto Clock Enable Replacement                                    ; On                 ; On                 ;
; Strict RAM Replacement                                           ; Off                ; Off                ;
; Allow Synchronous Control Signals                                ; On                 ; On                 ;
; Force Use of Synchronous Clear Signals                           ; Off                ; Off                ;
; Auto RAM Block Balancing                                         ; On                 ; On                 ;
; Auto RAM to Logic Cell Conversion                                ; Off                ; Off                ;
; Auto Resource Sharing                                            ; Off                ; Off                ;
; Allow Any RAM Size For Recognition                               ; Off                ; Off                ;
; Allow Any ROM Size For Recognition                               ; Off                ; Off                ;
; Allow Any Shift Register Size For Recognition                    ; Off                ; Off                ;
; Use LogicLock Constraints during Resource Balancing              ; On                 ; On                 ;
; Ignore translate_off and synthesis_off directives                ; Off                ; Off                ;
; Timing-Driven Synthesis                                          ; On                 ; On                 ;
; Report Parameter Settings                                        ; On                 ; On                 ;
; Report Source Assignments                                        ; On                 ; On                 ;
; Report Connectivity Checks                                       ; On                 ; On                 ;
; Ignore Maximum Fan-Out Assignments                               ; Off                ; Off                ;
; Synchronization Register Chain Length                            ; 2                  ; 2                  ;
; Power Optimization During Synthesis                              ; Normal compilation ; Normal compilation ;
; HDL message level                                                ; Level2             ; Level2             ;
; Suppress Register Optimization Related Messages                  ; Off                ; Off                ;
; Number of Removed Registers Reported in Synthesis Report         ; 5000               ; 5000               ;
; Number of Swept Nodes Reported in Synthesis Report               ; 5000               ; 5000               ;
; Number of Inverted Registers Reported in Synthesis Report        ; 100                ; 100                ;
; Clock MUX Protection                                             ; On                 ; On                 ;
; Auto Gated Clock Conversion                                      ; Off                ; Off                ;
; Block Design Naming                                              ; Auto               ; Auto               ;
; SDC constraint protection                                        ; Off                ; Off                ;
; Synthesis Effort                                                 ; Auto               ; Auto               ;
; Shift Register Replacement - Allow Asynchronous Clear Signal     ; On                 ; On                 ;
; Pre-Mapping Resynthesis Optimization                             ; Off                ; Off                ;
; Analysis & Synthesis Message Level                               ; Medium             ; Medium             ;
; Disable Register Merging Across Hierarchies                      ; Auto               ; Auto               ;
; Resource Aware Inference For Block RAM                           ; On                 ; On                 ;
+------------------------------------------------------------------+--------------------+--------------------+


+------------------------------------------+
; Parallel Compilation                     ;
+----------------------------+-------------+
; Processors                 ; Number      ;
+----------------------------+-------------+
; Number detected on machine ; 12          ;
; Maximum allowed            ; 6           ;
;                            ;             ;
; Average used               ; 1.00        ;
; Maximum used               ; 1           ;
;                            ;             ;
; Usage by Processor         ; % Time Used ;
;     Processor 1            ; 100.0%      ;
+----------------------------+-------------+


+----------------------------------------------------------------------------------------------------------------------------------------------------------------------+
; Analysis & Synthesis Source Files Read                                                                                                                               ;
+----------------------------------+-----------------+------------------------------------+------------------------------------------------------------------+---------+
; File Name with User-Entered Path ; Used in Netlist ; File Type                          ; File Name with Absolute Path                                     ; Library ;
+----------------------------------+-----------------+------------------------------------+------------------------------------------------------------------+---------+
; top_module.v                     ; yes             ; User Verilog HDL File              ; C:/Users/xavie/Desktop/GitHub/RISC-V (WIP)/top_module.v          ;         ;
; sync_dual_port_ram.sv            ; yes             ; Auto-Found SystemVerilog HDL File  ; C:/Users/xavie/Desktop/GitHub/RISC-V (WIP)/sync_dual_port_ram.sv ;         ;
; rv32i_regs.v                     ; yes             ; Auto-Found Verilog HDL File        ; C:/Users/xavie/Desktop/GitHub/RISC-V (WIP)/rv32i_regs.v          ;         ;
; rv32_io_top.v                    ; yes             ; Auto-Found Verilog HDL File        ; C:/Users/xavie/Desktop/GitHub/RISC-V (WIP)/rv32_io_top.v         ;         ;
; rv32_if_top.v                    ; yes             ; Auto-Found Verilog HDL File        ; C:/Users/xavie/Desktop/GitHub/RISC-V (WIP)/rv32_if_top.v         ;         ;
; rv32_id_top.v                    ; yes             ; Auto-Found Verilog HDL File        ; C:/Users/xavie/Desktop/GitHub/RISC-V (WIP)/rv32_id_top.v         ;         ;
; rv32_ex_top.v                    ; yes             ; Auto-Found Verilog HDL File        ; C:/Users/xavie/Desktop/GitHub/RISC-V (WIP)/rv32_ex_top.v         ;         ;
; rv32_mem_top.v                   ; yes             ; Auto-Found Verilog HDL File        ; C:/Users/xavie/Desktop/GitHub/RISC-V (WIP)/rv32_mem_top.v        ;         ;
; rv32_wb_top.v                    ; yes             ; Auto-Found Verilog HDL File        ; C:/Users/xavie/Desktop/GitHub/RISC-V (WIP)/rv32_wb_top.v         ;         ;
+----------------------------------+-----------------+------------------------------------+------------------------------------------------------------------+---------+


+----------------------------------------------------------+
; Analysis & Synthesis Resource Usage Summary              ;
+---------------------------------------------+------------+
; Resource                                    ; Usage      ;
+---------------------------------------------+------------+
;                                             ;            ;
; Total combinational functions               ; 0          ;
; Logic element usage by number of LUT inputs ;            ;
;     -- 4 input functions                    ; 0          ;
;     -- 3 input functions                    ; 0          ;
;     -- <=2 input functions                  ; 0          ;
;                                             ;            ;
; Logic elements by mode                      ;            ;
;     -- normal mode                          ; 0          ;
;     -- arithmetic mode                      ; 0          ;
;                                             ;            ;
; Total registers                             ; 0          ;
;     -- Dedicated logic registers            ; 0          ;
;     -- I/O registers                        ; 0          ;
;                                             ;            ;
; I/O pins                                    ; 13         ;
;                                             ;            ;
; Embedded Multiplier 9-bit elements          ; 0          ;
;                                             ;            ;
; Maximum fan-out node                        ; ADC_CLK_10 ;
; Maximum fan-out                             ; 1          ;
; Total fan-out                               ; 13         ;
; Average fan-out                             ; 0.50       ;
+---------------------------------------------+------------+


+------------------------------------------------------------------------------------------------------------------------------------------------------------------------------------------------------------------------------------+
; Analysis & Synthesis Resource Utilization by Entity                                                                                                                                                                                ;
+----------------------------+---------------------+---------------------------+-------------+------------+--------------+---------+-----------+------+--------------+------------+---------------------+-------------+--------------+
; Compilation Hierarchy Node ; Combinational ALUTs ; Dedicated Logic Registers ; Memory Bits ; UFM Blocks ; DSP Elements ; DSP 9x9 ; DSP 18x18 ; Pins ; Virtual Pins ; ADC blocks ; Full Hierarchy Name ; Entity Name ; Library Name ;
+----------------------------+---------------------+---------------------------+-------------+------------+--------------+---------+-----------+------+--------------+------------+---------------------+-------------+--------------+
; |top_module                ; 0 (0)               ; 0 (0)                     ; 0           ; 0          ; 0            ; 0       ; 0         ; 13   ; 0            ; 0          ; |top_module         ; top_module  ; work         ;
+----------------------------+---------------------+---------------------------+-------------+------------+--------------+---------+-----------+------+--------------+------------+---------------------+-------------+--------------+
Note: For table entries with two numbers listed, the numbers in parentheses indicate the number of resources of the given type used by the specific entity alone. The numbers listed outside of parentheses indicate the total resources of the given type used by the specific entity and all of its sub-entities in the hierarchy.


+------------------------------------------------------+
; General Register Statistics                          ;
+----------------------------------------------+-------+
; Statistic                                    ; Value ;
+----------------------------------------------+-------+
; Total registers                              ; 0     ;
; Number of registers using Synchronous Clear  ; 0     ;
; Number of registers using Synchronous Load   ; 0     ;
; Number of registers using Asynchronous Clear ; 0     ;
; Number of registers using Asynchronous Load  ; 0     ;
; Number of registers using Clock Enable       ; 0     ;
; Number of registers using Preset             ; 0     ;
+----------------------------------------------+-------+


+---------------------------------------------------------------------+
; Parameter Settings for User Entity Instance: sync_dual_port_ram:ram ;
+----------------+-------+--------------------------------------------+
; Parameter Name ; Value ; Type                                       ;
+----------------+-------+--------------------------------------------+
; ADDR_WIDTH     ; 15    ; Signed Integer                             ;
+----------------+-------+--------------------------------------------+
Note: In order to hide this table in the UI and the text report file, please set the "Show Parameter Settings in Synthesis Report" option in "Analysis and Synthesis Settings -> More Settings" to "Off".


+---------------------------------------------------------------------+
; Parameter Settings for User Entity Instance: rv32_if_top:fetch      ;
+----------------+----------------------------------+-----------------+
; Parameter Name ; Value                            ; Type            ;
+----------------+----------------------------------+-----------------+
; PC_RESET       ; 00000000000000000000000000000000 ; Unsigned Binary ;
+----------------+----------------------------------+-----------------+
Note: In order to hide this table in the UI and the text report file, please set the "Show Parameter Settings in Synthesis Report" option in "Analysis and Synthesis Settings -> More Settings" to "Off".


+-----------------------------------------------------------------------------------------------------------------------------------------------------------------------------------------------------------+
; Port Connectivity Checks: "rv32_mem_top:memory"                                                                                                                                                           ;
+-------------+--------+----------+-------------------------------------------------------------------------------------------------------------------------------------------------------------------------+
; Port        ; Type   ; Severity ; Details                                                                                                                                                                 ;
+-------------+--------+----------+-------------------------------------------------------------------------------------------------------------------------------------------------------------------------+
; memif_addr  ; Output ; Warning  ; Output or bidir port (30 bits) is smaller than the port expression (32 bits) it drives.  The 2 most-significant bit(s) in the port expression will be connected to GND. ;
; io_addr     ; Output ; Warning  ; Output or bidir port (30 bits) is smaller than the port expression (32 bits) it drives.  The 2 most-significant bit(s) in the port expression will be connected to GND. ;
; alu_data_in ; Input  ; Warning  ; Declared by entity but not connected by instance. If a default value exists, it will be used.  Otherwise, the port will be connected to GND.                            ;
+-------------+--------+----------+-------------------------------------------------------------------------------------------------------------------------------------------------------------------------+


+----------------------------------------------------------------------------------------------------------------------------------------------------------------------------------------------------------+
; Port Connectivity Checks: "rv32_if_top:fetch"                                                                                                                                                            ;
+------------+--------+----------+-------------------------------------------------------------------------------------------------------------------------------------------------------------------------+
; Port       ; Type   ; Severity ; Details                                                                                                                                                                 ;
+------------+--------+----------+-------------------------------------------------------------------------------------------------------------------------------------------------------------------------+
; memif_addr ; Output ; Warning  ; Output or bidir port (30 bits) is smaller than the port expression (32 bits) it drives.  The 2 most-significant bit(s) in the port expression will be connected to GND. ;
+------------+--------+----------+-------------------------------------------------------------------------------------------------------------------------------------------------------------------------+


+-------------------------------------------------------------------------------------------------------------------------------------------------------------------------------------------------------------------+
; Port Connectivity Checks: "rv32_io_top:inandout"                                                                                                                                                                  ;
+----------+--------+----------+------------------------------------------------------------------------------------------------------------------------------------------------------------------------------------+
; Port     ; Type   ; Severity ; Details                                                                                                                                                                            ;
+----------+--------+----------+------------------------------------------------------------------------------------------------------------------------------------------------------------------------------------+
; io_addr  ; Input  ; Warning  ; Input port expression (32 bits) is wider than the input port (30 bits) it drives.  The 2 most-significant bit(s) in the expression will be dangling if they have no other fanouts. ;
; btn_free ; Input  ; Info     ; Explicitly unconnected                                                                                                                                                             ;
; led_out  ; Output ; Info     ; Explicitly unconnected                                                                                                                                                             ;
+----------+--------+----------+------------------------------------------------------------------------------------------------------------------------------------------------------------------------------------+


+-----------------------------------------------------------------------------------------------------------------------------------------------------------------------------------------------------------------+
; Port Connectivity Checks: "sync_dual_port_ram:ram"                                                                                                                                                              ;
+--------+-------+----------+-------------------------------------------------------------------------------------------------------------------------------------------------------------------------------------+
; Port   ; Type  ; Severity ; Details                                                                                                                                                                             ;
+--------+-------+----------+-------------------------------------------------------------------------------------------------------------------------------------------------------------------------------------+
; i_addr ; Input ; Warning  ; Input port expression (32 bits) is wider than the input port (15 bits) it drives.  The 17 most-significant bit(s) in the expression will be dangling if they have no other fanouts. ;
; d_addr ; Input ; Warning  ; Input port expression (32 bits) is wider than the input port (15 bits) it drives.  The 17 most-significant bit(s) in the expression will be dangling if they have no other fanouts. ;
+--------+-------+----------+-------------------------------------------------------------------------------------------------------------------------------------------------------------------------------------+


+-----------------------------------------------------+
; Post-Synthesis Netlist Statistics for Top Partition ;
+-------------------+---------------------------------+
; Type              ; Count                           ;
+-------------------+---------------------------------+
; boundary_port     ; 13                              ;
;                   ;                                 ;
; Max LUT depth     ; 0.00                            ;
; Average LUT depth ; 0.00                            ;
+-------------------+---------------------------------+


+-------------------------------+
; Elapsed Time Per Partition    ;
+----------------+--------------+
; Partition Name ; Elapsed Time ;
+----------------+--------------+
; Top            ; 00:00:00     ;
+----------------+--------------+


+-------------------------------+
; Analysis & Synthesis Messages ;
+-------------------------------+
Info: *******************************************************************
Info: Running Quartus Prime Analysis & Synthesis
    Info: Version 20.1.0 Build 711 06/05/2020 SJ Lite Edition
    Info: Processing started: Sat Jul 15 12:47:53 2023
Info: Command: quartus_map --read_settings_files=on --write_settings_files=off top_module -c top_module
Warning (18236): Number of processors has not been specified which may cause overloading on shared machines.  Set the global assignment NUM_PARALLEL_PROCESSORS in your QSF to an appropriate value for best performance.
Info (20030): Parallel compilation is enabled and will use 6 of the 6 processors detected
Info (12021): Found 1 design units, including 1 entities, in source file top_module.v
    Info (12023): Found entity 1: top_module File: C:/Users/xavie/Desktop/GitHub/RISC-V (WIP)/top_module.v Line: 2
Info (12127): Elaborating entity "top_module" for the top level hierarchy
Warning (12125): Using design file sync_dual_port_ram.sv, which is not specified as a design file for the current project, but contains definitions for 1 design units and 1 entities in project
    Info (12023): Found entity 1: sync_dual_port_ram File: C:/Users/xavie/Desktop/GitHub/RISC-V (WIP)/sync_dual_port_ram.sv Line: 3
Info (12128): Elaborating entity "sync_dual_port_ram" for hierarchy "sync_dual_port_ram:ram" File: C:/Users/xavie/Desktop/GitHub/RISC-V (WIP)/top_module.v Line: 144
Warning (12125): Using design file rv32i_regs.v, which is not specified as a design file for the current project, but contains definitions for 1 design units and 1 entities in project
    Info (12023): Found entity 1: rv32i_regs File: C:/Users/xavie/Desktop/GitHub/RISC-V (WIP)/rv32i_regs.v Line: 2
Info (12128): Elaborating entity "rv32i_regs" for hierarchy "rv32i_regs:regs_inst" File: C:/Users/xavie/Desktop/GitHub/RISC-V (WIP)/top_module.v Line: 161
Warning (12125): Using design file rv32_io_top.v, which is not specified as a design file for the current project, but contains definitions for 1 design units and 1 entities in project
    Info (12023): Found entity 1: rv32_io_top File: C:/Users/xavie/Desktop/GitHub/RISC-V (WIP)/rv32_io_top.v Line: 2
Info (12128): Elaborating entity "rv32_io_top" for hierarchy "rv32_io_top:inandout" File: C:/Users/xavie/Desktop/GitHub/RISC-V (WIP)/top_module.v Line: 178
Warning (10034): Output port "io_rdata" at rv32_io_top.v(10) has no driver File: C:/Users/xavie/Desktop/GitHub/RISC-V (WIP)/rv32_io_top.v Line: 10
Warning (10034): Output port "led_out" at rv32_io_top.v(18) has no driver File: C:/Users/xavie/Desktop/GitHub/RISC-V (WIP)/rv32_io_top.v Line: 18
Warning (12158): Entity "rv32_io_top" contains only dangling pins File: C:/Users/xavie/Desktop/GitHub/RISC-V (WIP)/top_module.v Line: 178
Warning (12125): Using design file rv32_if_top.v, which is not specified as a design file for the current project, but contains definitions for 1 design units and 1 entities in project
    Info (12023): Found entity 1: rv32_if_top File: C:/Users/xavie/Desktop/GitHub/RISC-V (WIP)/rv32_if_top.v Line: 2
Info (12128): Elaborating entity "rv32_if_top" for hierarchy "rv32_if_top:fetch" File: C:/Users/xavie/Desktop/GitHub/RISC-V (WIP)/top_module.v Line: 201
Warning (12125): Using design file rv32_id_top.v, which is not specified as a design file for the current project, but contains definitions for 1 design units and 1 entities in project
    Info (12023): Found entity 1: rv32_id_top File: C:/Users/xavie/Desktop/GitHub/RISC-V (WIP)/rv32_id_top.v Line: 2
Info (12128): Elaborating entity "rv32_id_top" for hierarchy "rv32_id_top:decode" File: C:/Users/xavie/Desktop/GitHub/RISC-V (WIP)/top_module.v Line: 260
Warning (10230): Verilog HDL assignment warning at rv32_id_top.v(165): truncated value with size 32 to match size of target (1) File: C:/Users/xavie/Desktop/GitHub/RISC-V (WIP)/rv32_id_top.v Line: 165
Warning (10034): Output port "pc_stop" at rv32_id_top.v(59) has no driver File: C:/Users/xavie/Desktop/GitHub/RISC-V (WIP)/rv32_id_top.v Line: 59
Warning (12125): Using design file rv32_ex_top.v, which is not specified as a design file for the current project, but contains definitions for 1 design units and 1 entities in project
    Info (12023): Found entity 1: rv32_ex_top File: C:/Users/xavie/Desktop/GitHub/RISC-V (WIP)/rv32_ex_top.v Line: 2
Info (12128): Elaborating entity "rv32_ex_top" for hierarchy "rv32_ex_top:execute" File: C:/Users/xavie/Desktop/GitHub/RISC-V (WIP)/top_module.v Line: 301
Warning (10036): Verilog HDL or VHDL warning at rv32_ex_top.v(58): object "regif_rs1_reg" assigned a value but never read File: C:/Users/xavie/Desktop/GitHub/RISC-V (WIP)/rv32_ex_top.v Line: 58
Warning (10036): Verilog HDL or VHDL warning at rv32_ex_top.v(59): object "regif_rs2_reg" assigned a value but never read File: C:/Users/xavie/Desktop/GitHub/RISC-V (WIP)/rv32_ex_top.v Line: 59
Warning (10036): Verilog HDL or VHDL warning at rv32_ex_top.v(63): object "imm_b" assigned a value but never read File: C:/Users/xavie/Desktop/GitHub/RISC-V (WIP)/rv32_ex_top.v Line: 63
Warning (10036): Verilog HDL or VHDL warning at rv32_ex_top.v(65): object "imm_j" assigned a value but never read File: C:/Users/xavie/Desktop/GitHub/RISC-V (WIP)/rv32_ex_top.v Line: 65
Warning (10036): Verilog HDL or VHDL warning at rv32_ex_top.v(68): object "imm_i_u" assigned a value but never read File: C:/Users/xavie/Desktop/GitHub/RISC-V (WIP)/rv32_ex_top.v Line: 68
Warning (10270): Verilog HDL Case Statement warning at rv32_ex_top.v(117): incomplete case statement has no default case item File: C:/Users/xavie/Desktop/GitHub/RISC-V (WIP)/rv32_ex_top.v Line: 117
Warning (10270): Verilog HDL Case Statement warning at rv32_ex_top.v(150): incomplete case statement has no default case item File: C:/Users/xavie/Desktop/GitHub/RISC-V (WIP)/rv32_ex_top.v Line: 150
Warning (10270): Verilog HDL Case Statement warning at rv32_ex_top.v(81): incomplete case statement has no default case item File: C:/Users/xavie/Desktop/GitHub/RISC-V (WIP)/rv32_ex_top.v Line: 81
Warning (10240): Verilog HDL Always Construct warning at rv32_ex_top.v(81): inferring latch(es) for variable "alu_result", which holds its previous value in one or more paths through the always construct File: C:/Users/xavie/Desktop/GitHub/RISC-V (WIP)/rv32_ex_top.v Line: 81
Info (10041): Inferred latch for "alu_result[0]" at rv32_ex_top.v(81) File: C:/Users/xavie/Desktop/GitHub/RISC-V (WIP)/rv32_ex_top.v Line: 81
Info (10041): Inferred latch for "alu_result[1]" at rv32_ex_top.v(81) File: C:/Users/xavie/Desktop/GitHub/RISC-V (WIP)/rv32_ex_top.v Line: 81
Info (10041): Inferred latch for "alu_result[2]" at rv32_ex_top.v(81) File: C:/Users/xavie/Desktop/GitHub/RISC-V (WIP)/rv32_ex_top.v Line: 81
Info (10041): Inferred latch for "alu_result[3]" at rv32_ex_top.v(81) File: C:/Users/xavie/Desktop/GitHub/RISC-V (WIP)/rv32_ex_top.v Line: 81
Info (10041): Inferred latch for "alu_result[4]" at rv32_ex_top.v(81) File: C:/Users/xavie/Desktop/GitHub/RISC-V (WIP)/rv32_ex_top.v Line: 81
Info (10041): Inferred latch for "alu_result[5]" at rv32_ex_top.v(81) File: C:/Users/xavie/Desktop/GitHub/RISC-V (WIP)/rv32_ex_top.v Line: 81
Info (10041): Inferred latch for "alu_result[6]" at rv32_ex_top.v(81) File: C:/Users/xavie/Desktop/GitHub/RISC-V (WIP)/rv32_ex_top.v Line: 81
Info (10041): Inferred latch for "alu_result[7]" at rv32_ex_top.v(81) File: C:/Users/xavie/Desktop/GitHub/RISC-V (WIP)/rv32_ex_top.v Line: 81
Info (10041): Inferred latch for "alu_result[8]" at rv32_ex_top.v(81) File: C:/Users/xavie/Desktop/GitHub/RISC-V (WIP)/rv32_ex_top.v Line: 81
Info (10041): Inferred latch for "alu_result[9]" at rv32_ex_top.v(81) File: C:/Users/xavie/Desktop/GitHub/RISC-V (WIP)/rv32_ex_top.v Line: 81
Info (10041): Inferred latch for "alu_result[10]" at rv32_ex_top.v(81) File: C:/Users/xavie/Desktop/GitHub/RISC-V (WIP)/rv32_ex_top.v Line: 81
Info (10041): Inferred latch for "alu_result[11]" at rv32_ex_top.v(81) File: C:/Users/xavie/Desktop/GitHub/RISC-V (WIP)/rv32_ex_top.v Line: 81
Info (10041): Inferred latch for "alu_result[12]" at rv32_ex_top.v(81) File: C:/Users/xavie/Desktop/GitHub/RISC-V (WIP)/rv32_ex_top.v Line: 81
Info (10041): Inferred latch for "alu_result[13]" at rv32_ex_top.v(81) File: C:/Users/xavie/Desktop/GitHub/RISC-V (WIP)/rv32_ex_top.v Line: 81
Info (10041): Inferred latch for "alu_result[14]" at rv32_ex_top.v(81) File: C:/Users/xavie/Desktop/GitHub/RISC-V (WIP)/rv32_ex_top.v Line: 81
Info (10041): Inferred latch for "alu_result[15]" at rv32_ex_top.v(81) File: C:/Users/xavie/Desktop/GitHub/RISC-V (WIP)/rv32_ex_top.v Line: 81
Info (10041): Inferred latch for "alu_result[16]" at rv32_ex_top.v(81) File: C:/Users/xavie/Desktop/GitHub/RISC-V (WIP)/rv32_ex_top.v Line: 81
Info (10041): Inferred latch for "alu_result[17]" at rv32_ex_top.v(81) File: C:/Users/xavie/Desktop/GitHub/RISC-V (WIP)/rv32_ex_top.v Line: 81
Info (10041): Inferred latch for "alu_result[18]" at rv32_ex_top.v(81) File: C:/Users/xavie/Desktop/GitHub/RISC-V (WIP)/rv32_ex_top.v Line: 81
Info (10041): Inferred latch for "alu_result[19]" at rv32_ex_top.v(81) File: C:/Users/xavie/Desktop/GitHub/RISC-V (WIP)/rv32_ex_top.v Line: 81
Info (10041): Inferred latch for "alu_result[20]" at rv32_ex_top.v(81) File: C:/Users/xavie/Desktop/GitHub/RISC-V (WIP)/rv32_ex_top.v Line: 81
Info (10041): Inferred latch for "alu_result[21]" at rv32_ex_top.v(81) File: C:/Users/xavie/Desktop/GitHub/RISC-V (WIP)/rv32_ex_top.v Line: 81
Info (10041): Inferred latch for "alu_result[22]" at rv32_ex_top.v(81) File: C:/Users/xavie/Desktop/GitHub/RISC-V (WIP)/rv32_ex_top.v Line: 81
Info (10041): Inferred latch for "alu_result[23]" at rv32_ex_top.v(81) File: C:/Users/xavie/Desktop/GitHub/RISC-V (WIP)/rv32_ex_top.v Line: 81
Info (10041): Inferred latch for "alu_result[24]" at rv32_ex_top.v(81) File: C:/Users/xavie/Desktop/GitHub/RISC-V (WIP)/rv32_ex_top.v Line: 81
Info (10041): Inferred latch for "alu_result[25]" at rv32_ex_top.v(81) File: C:/Users/xavie/Desktop/GitHub/RISC-V (WIP)/rv32_ex_top.v Line: 81
Info (10041): Inferred latch for "alu_result[26]" at rv32_ex_top.v(81) File: C:/Users/xavie/Desktop/GitHub/RISC-V (WIP)/rv32_ex_top.v Line: 81
Info (10041): Inferred latch for "alu_result[27]" at rv32_ex_top.v(81) File: C:/Users/xavie/Desktop/GitHub/RISC-V (WIP)/rv32_ex_top.v Line: 81
Info (10041): Inferred latch for "alu_result[28]" at rv32_ex_top.v(81) File: C:/Users/xavie/Desktop/GitHub/RISC-V (WIP)/rv32_ex_top.v Line: 81
Info (10041): Inferred latch for "alu_result[29]" at rv32_ex_top.v(81) File: C:/Users/xavie/Desktop/GitHub/RISC-V (WIP)/rv32_ex_top.v Line: 81
Info (10041): Inferred latch for "alu_result[30]" at rv32_ex_top.v(81) File: C:/Users/xavie/Desktop/GitHub/RISC-V (WIP)/rv32_ex_top.v Line: 81
Info (10041): Inferred latch for "alu_result[31]" at rv32_ex_top.v(81) File: C:/Users/xavie/Desktop/GitHub/RISC-V (WIP)/rv32_ex_top.v Line: 81
Warning (12125): Using design file rv32_mem_top.v, which is not specified as a design file for the current project, but contains definitions for 1 design units and 1 entities in project
    Info (12023): Found entity 1: rv32_mem_top File: C:/Users/xavie/Desktop/GitHub/RISC-V (WIP)/rv32_mem_top.v Line: 2
Info (12128): Elaborating entity "rv32_mem_top" for hierarchy "rv32_mem_top:memory" File: C:/Users/xavie/Desktop/GitHub/RISC-V (WIP)/top_module.v Line: 356
Warning (10036): Verilog HDL or VHDL warning at rv32_mem_top.v(59): object "rd" assigned a value but never read File: C:/Users/xavie/Desktop/GitHub/RISC-V (WIP)/rv32_mem_top.v Line: 59
Warning (10036): Verilog HDL or VHDL warning at rv32_mem_top.v(88): object "is_S_out" assigned a value but never read File: C:/Users/xavie/Desktop/GitHub/RISC-V (WIP)/rv32_mem_top.v Line: 88
Warning (10036): Verilog HDL or VHDL warning at rv32_mem_top.v(111): object "be_load" assigned a value but never read File: C:/Users/xavie/Desktop/GitHub/RISC-V (WIP)/rv32_mem_top.v Line: 111
Warning (10230): Verilog HDL assignment warning at rv32_mem_top.v(145): truncated value with size 32 to match size of target (30) File: C:/Users/xavie/Desktop/GitHub/RISC-V (WIP)/rv32_mem_top.v Line: 145
Warning (10230): Verilog HDL assignment warning at rv32_mem_top.v(146): truncated value with size 32 to match size of target (30) File: C:/Users/xavie/Desktop/GitHub/RISC-V (WIP)/rv32_mem_top.v Line: 146
Warning (12125): Using design file rv32_wb_top.v, which is not specified as a design file for the current project, but contains definitions for 1 design units and 1 entities in project
    Info (12023): Found entity 1: rv32_wb_top File: C:/Users/xavie/Desktop/GitHub/RISC-V (WIP)/rv32_wb_top.v Line: 2
Info (12128): Elaborating entity "rv32_wb_top" for hierarchy "rv32_wb_top:writeback" File: C:/Users/xavie/Desktop/GitHub/RISC-V (WIP)/top_module.v Line: 391
Warning (12011): Net is missing source, defaulting to GND
    Warning (12110): Net "io_addr_io[31]" is missing source, defaulting to GND File: C:/Users/xavie/Desktop/GitHub/RISC-V (WIP)/top_module.v Line: 109
    Warning (12110): Net "io_addr_io[30]" is missing source, defaulting to GND File: C:/Users/xavie/Desktop/GitHub/RISC-V (WIP)/top_module.v Line: 109
Warning (12011): Net is missing source, defaulting to GND
    Warning (12110): Net "io_addr_io[31]" is missing source, defaulting to GND File: C:/Users/xavie/Desktop/GitHub/RISC-V (WIP)/top_module.v Line: 109
    Warning (12110): Net "io_addr_io[30]" is missing source, defaulting to GND File: C:/Users/xavie/Desktop/GitHub/RISC-V (WIP)/top_module.v Line: 109
Warning (12011): Net is missing source, defaulting to GND
    Warning (12110): Net "memif_addr[31]" is missing source, defaulting to GND File: C:/Users/xavie/Desktop/GitHub/RISC-V (WIP)/top_module.v Line: 13
    Warning (12110): Net "memif_addr[30]" is missing source, defaulting to GND File: C:/Users/xavie/Desktop/GitHub/RISC-V (WIP)/top_module.v Line: 13
    Warning (12110): Net "memif_addr_RAM[31]" is missing source, defaulting to GND File: C:/Users/xavie/Desktop/GitHub/RISC-V (WIP)/top_module.v Line: 102
    Warning (12110): Net "memif_addr_RAM[30]" is missing source, defaulting to GND File: C:/Users/xavie/Desktop/GitHub/RISC-V (WIP)/top_module.v Line: 102
    Warning (12110): Net "io_addr_io[31]" is missing source, defaulting to GND File: C:/Users/xavie/Desktop/GitHub/RISC-V (WIP)/top_module.v Line: 109
    Warning (12110): Net "io_addr_io[30]" is missing source, defaulting to GND File: C:/Users/xavie/Desktop/GitHub/RISC-V (WIP)/top_module.v Line: 109
Warning (12241): 4 hierarchies have connectivity warnings - see the Connectivity Checks report folder
Info (16010): Generating hard_block partition "hard_block:auto_generated_inst"
    Info (16011): Adding 0 node(s), including 0 DDIO, 0 PLL, 0 transceiver and 0 LCELL
Warning (21074): Design contains 13 input pin(s) that do not drive logic
    Warning (15610): No output dependent on input pin "ADC_CLK_10" File: C:/Users/xavie/Desktop/GitHub/RISC-V (WIP)/top_module.v Line: 4
    Warning (15610): No output dependent on input pin "KEY[0]" File: C:/Users/xavie/Desktop/GitHub/RISC-V (WIP)/top_module.v Line: 5
    Warning (15610): No output dependent on input pin "KEY[1]" File: C:/Users/xavie/Desktop/GitHub/RISC-V (WIP)/top_module.v Line: 5
    Warning (15610): No output dependent on input pin "SW[0]" File: C:/Users/xavie/Desktop/GitHub/RISC-V (WIP)/top_module.v Line: 8
    Warning (15610): No output dependent on input pin "SW[1]" File: C:/Users/xavie/Desktop/GitHub/RISC-V (WIP)/top_module.v Line: 8
    Warning (15610): No output dependent on input pin "SW[2]" File: C:/Users/xavie/Desktop/GitHub/RISC-V (WIP)/top_module.v Line: 8
    Warning (15610): No output dependent on input pin "SW[3]" File: C:/Users/xavie/Desktop/GitHub/RISC-V (WIP)/top_module.v Line: 8
    Warning (15610): No output dependent on input pin "SW[4]" File: C:/Users/xavie/Desktop/GitHub/RISC-V (WIP)/top_module.v Line: 8
    Warning (15610): No output dependent on input pin "SW[5]" File: C:/Users/xavie/Desktop/GitHub/RISC-V (WIP)/top_module.v Line: 8
    Warning (15610): No output dependent on input pin "SW[6]" File: C:/Users/xavie/Desktop/GitHub/RISC-V (WIP)/top_module.v Line: 8
    Warning (15610): No output dependent on input pin "SW[7]" File: C:/Users/xavie/Desktop/GitHub/RISC-V (WIP)/top_module.v Line: 8
    Warning (15610): No output dependent on input pin "SW[8]" File: C:/Users/xavie/Desktop/GitHub/RISC-V (WIP)/top_module.v Line: 8
    Warning (15610): No output dependent on input pin "SW[9]" File: C:/Users/xavie/Desktop/GitHub/RISC-V (WIP)/top_module.v Line: 8
Info (21057): Implemented 13 device resources after synthesis - the final resource count might be different
    Info (21058): Implemented 13 input pins
    Info (21059): Implemented 0 output pins
Info: Quartus Prime Analysis & Synthesis was successful. 0 errors, 56 warnings
    Info: Peak virtual memory: 4908 megabytes
    Info: Processing ended: Sat Jul 15 12:48:03 2023
    Info: Elapsed time: 00:00:10
    Info: Total CPU time (on all processors): 00:00:13


